nftset=/.ua/4#inet#fw4#vpn_domains
nftset=/cdn.oaistatic.com/4#inet#fw4#vpn_domains
nftset=/mbamupdates.com/4#inet#fw4#vpn_domains
nftset=/myinstants.com/4#inet#fw4#vpn_domains
nftset=/chatgpt.com/4#inet#fw4#vpn_domains
nftset=/auth.openai.com/4#inet#fw4#vpn_domains
nftset=/downloads.malwarebytes.com/4#inet#fw4#vpn_domains
nftset=/gaming.lenovo.com/4#inet#fw4#vpn_domains
nftset=/iapi.qt.io/4#inet#fw4#vpn_domains
nftset=/spotify.com/4#inet#fw4#vpn_domains
nftset=/myfonts.com/4#inet#fw4#vpn_domains
nftset=/mirom.ezbox.idv.tw/4#inet#fw4#vpn_domains
nftset=/docker.com/4#inet#fw4#vpn_domains
nftset=/4pda.to/4#inet#fw4#vpn_domains
nftset=/api.ipify.org/4#inet#fw4#vpn_domains
nftset=/nnm-club-me.ru/4#inet#fw4#vpn_domains
nftset=/torproject.org/4#inet#fw4#vpn_domains
nftset=/sponsor.ajay.app/4#inet#fw4#vpn_domains
nftset=/rutor.info/4#inet#fw4#vpn_domains
nftset=/rutor.is/4#inet#fw4#vpn_domains
nftset=/rutor.org/4#inet#fw4#vpn_domains
nftset=/rutracker.cc/4#inet#fw4#vpn_domains
nftset=/rutracker.net/4#inet#fw4#vpn_domains
nftset=/rutracker.org/4#inet#fw4#vpn_domains
nftset=/rutracker.wiki/4#inet#fw4#vpn_domains
nftset=/soundcloud.com/4#inet#fw4#vpn_domains
nftset=/jetbrains.com/4#inet#fw4#vpn_domains
nftset=/openh264.org/4#inet#fw4#vpn_domains
nftset=/mpv.io/4#inet#fw4#vpn_domains
nftset=/notion.so/4#inet#fw4#vpn_domains
nftset=/splunkcloud.com/4#inet#fw4#vpn_domains
nftset=/autodesk.com/4#inet#fw4#vpn_domains
nftset=/cloudflareinsights.com/4#inet#fw4#vpn_domains
nftset=/discordapp.com/4#inet#fw4#vpn_domains
nftset=/gta.fandom.com/4#inet#fw4#vpn_domains






























